---
source: crates/sui-prover/tests/integration.rs
assertion_line: 141
expression: output
---
ðŸ¦€ No specifications found in the project. Nothing to verify.
