---
source: crates/sui-prover/tests/integration.rs
assertion_line: 148
expression: output
---
Verification successful
