---
source: crates/sui-prover/tests/integration.rs
expression: output
---
exiting with verification errors
error: prover::ensures assertion does not hold
   ┌─ tests/inputs/print-ghost.move:17:5
   │
17 │     ensures(ghost::global<u64, bool>() != true);
   │     ^^^^^^^^^^^^^^^^^^^^^^^^^^^^^^^^^^^^^^^^^^^
   │
   =     at tests/inputs/print-ghost.move:13: foo_spec
   =         ghost<u64> = true
   =     at tests/inputs/print-ghost.move:15: foo_spec
   =         ghost<u64> = true
   =     at tests/../../../packages/prover/sources/ghost.move:15: set_spec
   =         ghost<u64> = true
   =     at tests/inputs/print-ghost.move:17: foo_spec
