---
source: crates/sui-prover/tests/integration.rs
expression: output
---
exiting with verification errors
error: prover::ensures does not hold
   ┌─ tests/inputs/reals.fail.move:21:3
   │
21 │   ensures(y_real  != y_real);
   │   ^^^^^^^^^^^^^^^^^^^^^^^^^^
   │
   =     at tests/inputs/reals.fail.move:16: foo_spec
