---
source: crates/sui-prover/tests/integration.rs
assertion_line: 141
expression: output
---
ðŸ¦€ No specifications are marked for verification. Nothing to verify.
