---
source: crates/sui-prover/tests/integration.rs
assertion_line: 126
expression: output
---
Verification successful
