---
source: crates/move-stackless-bytecode/tests/testsuite.rs
---
============ initial translation from Move ================

[variant baseline]
public fun test::f($t0|a: u64): u64 {
     var $t1|result#1#0: u64
     var $t2: u64
     var $t3: u64
     var $t4: u64
     var $t5: bool
     var $t6: u64
     var $t7: u64
     var $t8: u64
     var $t9: u64
     var $t10: u64
     var $t11: bool
     var $t12: u64
     var $t13: u64
     var $t14: u64
     var $t15: u64
     var $t16: u64
     var $t17: bool
     var $t18: u64
     var $t19: u64
     var $t20: u64
     var $t21: u64
  0: $t2 := 0
  1: $t1 := $t2
  2: $t3 := copy($t0)
  3: $t4 := 0
  4: $t5 := >($t3, $t4)
  5: if ($t5) goto 6 else goto 12
  6: label L1
  7: $t6 := move($t1)
  8: $t7 := 10
  9: $t8 := *($t6, $t7)
 10: $t1 := $t8
 11: goto 12
 12: label L0
 13: $t9 := copy($t0)
 14: $t10 := 5
 15: $t11 := >($t9, $t10)
 16: if ($t11) goto 17 else goto 23
 17: label L3
 18: $t12 := move($t1)
 19: $t13 := 20
 20: $t14 := *($t12, $t13)
 21: $t1 := $t14
 22: goto 23
 23: label L2
 24: $t15 := move($t0)
 25: $t16 := 10
 26: $t17 := >($t15, $t16)
 27: if ($t17) goto 28 else goto 34
 28: label L5
 29: $t18 := move($t1)
 30: $t19 := 30
 31: $t20 := *($t18, $t19)
 32: $t1 := $t20
 33: goto 34
 34: label L4
 35: $t21 := move($t1)
 36: return $t21
}

============ after pipeline `conditional_merge_insertion` ================

[variant baseline]
public fun test::f($t0|a: u64): u64 {
     var $t1|result#1#0: u64
     var $t2: u64
     var $t3: u64
     var $t4: bool
     var $t5: u64
     var $t6: u64
     var $t7: bool
     var $t8: u64
     var $t9: u64
     var $t10: bool
     var $t11: u64
     var $t12: u64
     var $t13: u64
     var $t14: u64
  0: $t2 := 0
  1: $t1 := $t2
  2: $t3 := 0
  3: $t4 := >($t0, $t3)
  4: if ($t4) goto 5 else goto 8
  5: label L1
  6: $t5 := 10
  7: $t1 := *($t2, $t5)
  8: label L0
     # conditional_merge_insertion: t12 := if_then_else(t4, t1, t2)
  9: $t12 := if_then_else($t4, $t1, $t2)
     # conditional_merge_insertion: merge assign t1 := t12
 10: $t1 := copy($t12)
 11: $t6 := 5
 12: $t7 := >($t0, $t6)
 13: if ($t7) goto 14 else goto 17
 14: label L3
 15: $t8 := 20
 16: $t1 := *($t1, $t8)
 17: label L2
     # conditional_merge_insertion: t13 := if_then_else(t7, t1, t12)
 18: $t13 := if_then_else($t7, $t1, $t12)
     # conditional_merge_insertion: merge assign t1 := t13
 19: $t1 := copy($t13)
 20: $t9 := 10
 21: $t10 := >($t0, $t9)
 22: if ($t10) goto 23 else goto 26
 23: label L5
 24: $t11 := 30
 25: $t1 := *($t1, $t11)
 26: label L4
     # conditional_merge_insertion: t14 := if_then_else(t10, t1, t13)
 27: $t14 := if_then_else($t10, $t1, $t13)
     # conditional_merge_insertion: merge assign t1 := t14
 28: $t1 := copy($t14)
 29: return $t1
}
