---
source: crates/move-stackless-bytecode/tests/testsuite.rs
---
============ initial translation from Move ================

[variant baseline]
public fun test::f($t0|a: u64): u64 {
     var $t1|x#1#0: u64
     var $t2|y#1#0: u64
     var $t3: u64
     var $t4: u64
     var $t5: bool
     var $t6: u64
     var $t7: u64
     var $t8: u64
     var $t9: u64
     var $t10: u64
     var $t11: u64
     var $t12: u64
  0: $t3 := move($t0)
  1: $t4 := 0
  2: $t5 := >($t3, $t4)
  3: if ($t5) goto 4 else goto 10
  4: label L1
  5: $t6 := 10
  6: $t1 := $t6
  7: $t7 := 30
  8: $t2 := $t7
  9: goto 16
 10: label L0
 11: $t8 := 20
 12: $t1 := $t8
 13: $t9 := 40
 14: $t2 := $t9
 15: goto 16
 16: label L2
 17: $t10 := move($t1)
 18: $t11 := move($t2)
 19: $t12 := *($t10, $t11)
 20: return $t12
}

============ after pipeline `conditional_merge_insertion` ================

[variant baseline]
public fun test::f($t0|a: u64): u64 {
     var $t1|x#1#0: u64
     var $t2|y#1#0: u64
     var $t3: u64
     var $t4: bool
     var $t5: u64
     var $t6: u64
     var $t7: u64
     var $t8: u64
     var $t9: u64
     var $t10: u64
     var $t11: u64
     var $t12: u64
     var $t13: u64
     var $t14: u64
     var $t15: u64
  0: $t3 := 0
  1: $t4 := >($t0, $t3)
  2: if ($t4) goto 3 else goto 9
  3: label L1
  4: $t5 := 10
  5: $t10 := $t5
  6: $t6 := 30
  7: $t12 := $t6
  8: goto 14
  9: label L0
 10: $t7 := 20
 11: $t11 := $t7
 12: $t8 := 40
 13: $t13 := $t8
 14: label L2
     # conditional_merge_insertion: t14 := if_then_else(t4, t10, t11)
 15: $t14 := if_then_else($t4, $t10, $t11)
     # conditional_merge_insertion: merge assign t1 := t14
 16: $t1 := $t14
     # conditional_merge_insertion: t15 := if_then_else(t4, t12, t13)
 17: $t15 := if_then_else($t4, $t12, $t13)
     # conditional_merge_insertion: merge assign t2 := t15
 18: $t2 := $t15
 19: $t9 := *($t1, $t2)
 20: return $t9
}
