---
source: crates/move-stackless-bytecode/tests/testsuite.rs
---
============ initial translation from Move ================

[variant baseline]
public fun test::f($t0|cond1: bool, $t1|cond2: bool): u64 {
     var $t2|x#1#0: u64
     var $t3|y#1#0: u64
     var $t4: u64
     var $t5: u64
     var $t6: bool
     var $t7: u64
     var $t8: bool
     var $t9: u64
     var $t10: u64
     var $t11: u64
     var $t12: u64
  0: $t4 := 10
  1: $t2 := $t4
  2: $t5 := 20
  3: $t3 := $t5
  4: $t6 := move($t0)
  5: if ($t6) goto 6 else goto 15
  6: label L1
  7: $t7 := 99
  8: $t2 := $t7
  9: $t8 := move($t1)
 10: if ($t8) goto 11 else goto 15
 11: label L2
 12: $t9 := 100
 13: $t3 := $t9
 14: goto 15
 15: label L0
 16: $t10 := move($t2)
 17: $t11 := move($t3)
 18: $t12 := *($t10, $t11)
 19: return $t12
}

============ after pipeline `conditional_merge_insertion` ================

[variant baseline]
public fun test::f($t0|cond1: bool, $t1|cond2: bool): u64 {
     var $t2|x#1#0: u64
     var $t3|y#1#0: u64
     var $t4: u64
     var $t5: u64
     var $t6: u64
     var $t7: u64
     var $t8: u64
     var $t9: u64
     var $t10: u64
     var $t11: u64
     var $t12: u64
  0: $t4 := 10
  1: $t2 := $t4
  2: $t5 := 20
  3: $t3 := $t5
  4: if ($t0) goto 5 else goto 12
  5: label L1
  6: $t6 := 99
  7: $t9 := $t6
  8: if ($t1) goto 9 else goto 12
  9: label L2
 10: $t7 := 100
 11: $t10 := $t7
 12: label L0
     # conditional_merge_insertion: t11 := if_then_else(t0, t9, t2)
 13: $t11 := if_then_else($t0, $t9, $t2)
     # conditional_merge_insertion: merge assign t2 := t11
 14: $t2 := $t11
     # conditional_merge_insertion: t12 := if_then_else(t1, t10, t3)
 15: $t12 := if_then_else($t1, $t10, $t3)
     # conditional_merge_insertion: merge assign t3 := t12
 16: $t3 := $t12
 17: $t8 := *($t2, $t3)
 18: return $t8
}
