---
source: crates/sui-prover/tests/integration.rs
assertion_line: 151
expression: output
---
exiting with bytecode transformation errors in borrow_analysis
error: ghost use while borrow_mut: foo::GhostStruct
   ┌─ tests/inputs/ghost_borrow_mut/borrow_mut_get_fail.move:15:4
   │
15 │   *ghost::global<GhostStruct, bool>();
   │    ^^^^^^^^^^^^^^^^^^^^^^^^^^^^^^^^^^
