---
source: crates/sui-prover/tests/integration.rs
assertion_line: 151
expression: output
---
exiting with bytecode transformation errors in borrow_analysis
error: multiple ghost borrow_mut
   ┌─ tests/inputs/ghost_borrow_mut/borrow_mut_ref_move_borrow_mut_fail.move:14:4
   │
14 │   *ghost::borrow_mut<GhostStruct, bool>();
   │    ^^^^^^^^^^^^^^^^^^^^^^^^^^^^^^^^^^^^^^
