---
source: crates/sui-prover/tests/integration.rs
expression: output
---
[internal] boogie exited with compilation errors:
output/foo_spec::create_spec.bpl(6249,11): Error: wrong number of arguments to function: $42_foo_spec_Versioned (2 instead of 3)
1 type checking errors detected in output/foo_spec::create_spec.bpl
