---
source: crates/sui-prover/tests/integration.rs
assertion_line: 262
expression: output
---
exiting with bytecode transformation errors
warning: unused variable
  ┌─ tests/inputs/loop_invariant/external_return_type.fail.move:7:14
  │
7 │ fun loop_inv(i: u64, n: u64, s: u128): u64 {
  │              ^ Unused parameter 'i'. Consider removing or prefixing with an underscore: '_i'
  │
  = This warning can be suppressed with '#[allow(unused_variable)]' applied to the 'module' or module member ('const', 'fun', or 'struct')

warning: unused variable
  ┌─ tests/inputs/loop_invariant/external_return_type.fail.move:7:30
  │
7 │ fun loop_inv(i: u64, n: u64, s: u128): u64 {
  │                              ^ Unused parameter 's'. Consider removing or prefixing with an underscore: '_s'
  │
  = This warning can be suppressed with '#[allow(unused_variable)]' applied to the 'module' or module member ('const', 'fun', or 'struct')

error: Loop invariant functions must return a boolean value
   ┌─ tests/inputs/loop_invariant/external_return_type.fail.move:7:1
   │  
 7 │ ╭ fun loop_inv(i: u64, n: u64, s: u128): u64 {
 8 │ │     //(i <= n, (s == (i as u128) * ((i as u128) + 1) / 2))
 9 │ │     n
10 │ │ }
   │ ╰─^
