---
source: crates/sui-prover/tests/integration.rs
assertion_line: 262
expression: output
---
exiting with bytecode transformation errors
error: Invariant function should not abort
  ┌─ tests/inputs/loop_invariant/external_aborts.fail.move:6:1
  │  
6 │ ╭ fun loop_inv(i: u64, n: u64, s: u128): bool {
7 │ │     i <= n && (s == (i as u128) * ((i as u128) + 1) / 2)
8 │ │ }
  │ ╰─^
