---
source: crates/sui-prover/tests/integration.rs
assertion_line: 149
expression: output
---
Verification successful
